../Core/Src/ds1307.c:10:9:DS1307_GetRegByte	32	static
../Core/Src/ds1307.c:17:9:DS1307_DecodeBCD	16	static
../Core/Src/ds1307.c:20:9:DS1307_EncodeBCD	16	static
../Core/Src/ds1307.c:23:6:DS1307_gettime	24	static
../Core/Src/ds1307.c:34:6:DS1307_SetRegByte	32	static
../Core/Src/ds1307.c:38:9:DS1307_GetClockHalt	8	static
../Core/Src/ds1307.c:41:6:DS1307_settime	24	static
../Core/Src/ds1307.c:52:6:DS1307_SetClockHalt	24	static
../Core/Src/ds1307.c:62:6:DS1307_SetTimeZone	16	static
../Core/Src/ds1307.c:66:6:DS1307_config	8	static
../Core/Src/ds1307.c:71:9:dayOfWeek	96	static
