../Core/Src/main.c:59:6:HAL_UART_RxCpltCallback	16	static
../Core/Src/main.c:102:5:vspfunc	16	static
../Core/Src/main.c:112:6:display_lcd	24	static
../Core/Src/main.c:124:6:time_update	8	static
../Core/Src/main.c:134:6:led7seg	8	static
../Core/Src/main.c:165:5:main	8	static
../Core/Src/main.c:226:6:SystemClock_Config	72	static
../Core/Src/main.c:266:13:MX_I2C1_Init	8	static
../Core/Src/main.c:300:13:MX_USART1_UART_Init	8	static
../Core/Src/main.c:333:13:MX_GPIO_Init	40	static
../Core/Src/main.c:387:6:Error_Handler	4	static,ignoring_inline_asm
