../Core/Src/main.c:63:6:HAL_UART_RxCpltCallback	16	static
../Core/Src/main.c:106:5:vspfunc	16	static
../Core/Src/main.c:116:6:display_lcd	24	static
../Core/Src/main.c:128:6:time_update	8	static
../Core/Src/main.c:138:6:led7seg	8	static
../Core/Src/main.c:167:5:main	8	static
../Core/Src/main.c:233:6:SystemClock_Config	72	static
../Core/Src/main.c:273:13:MX_I2C1_Init	8	static
../Core/Src/main.c:307:13:MX_USART1_UART_Init	8	static
../Core/Src/main.c:340:13:MX_GPIO_Init	40	static
../Core/Src/main.c:397:6:Error_Handler	4	static,ignoring_inline_asm
